Archive member included to satisfy reference by file (symbol)

g:/atmel/studio/7.0/toolchain/avr8/avr8-gnu-toolchain/bin/../lib/gcc/avr/5.4.0/avr5\libgcc.a(_exit.o)
                              G:/Atmel/Studio/7.0/Packs/atmel/ATmega_DFP/1.7.374/gcc/dev/atmega32a/avr5/crtatmega32a.o (exit)
g:/atmel/studio/7.0/toolchain/avr8/avr8-gnu-toolchain/bin/../lib/gcc/avr/5.4.0/avr5\libgcc.a(_clear_bss.o)
                              Application/APP.o (__do_clear_bss)

Allocating common symbols
Common symbol       size              file

yellow              0x1               Application/APP.o
red                 0x1               Application/APP.o

Discarded input sections

 .data          0x00000000        0x0 G:/Atmel/Studio/7.0/Packs/atmel/ATmega_DFP/1.7.374/gcc/dev/atmega32a/avr5/crtatmega32a.o
 .bss           0x00000000        0x0 G:/Atmel/Studio/7.0/Packs/atmel/ATmega_DFP/1.7.374/gcc/dev/atmega32a/avr5/crtatmega32a.o
 .text          0x00000000        0x0 Application/APP.o
 .data          0x00000000        0x0 Application/APP.o
 .bss           0x00000000        0x0 Application/APP.o
 .text          0x00000000        0x0 HAL/Button/button.o
 .data          0x00000000        0x0 HAL/Button/button.o
 .bss           0x00000000        0x0 HAL/Button/button.o
 .text.button_get_state
                0x00000000        0x6 HAL/Button/button.o
 .text          0x00000000        0x0 HAL/LED/LED.o
 .data          0x00000000        0x0 HAL/LED/LED.o
 .bss           0x00000000        0x0 HAL/LED/LED.o
 .text.LED_toggle
                0x00000000        0x6 HAL/LED/LED.o
 .text          0x00000000        0x0 main.o
 .data          0x00000000        0x0 main.o
 .bss           0x00000000        0x0 main.o
 .text          0x00000000        0x0 MCAL/dio/dio_program.o
 .data          0x00000000        0x0 MCAL/dio/dio_program.o
 .bss           0x00000000        0x0 MCAL/dio/dio_program.o
 .text.DIO_toggle
                0x00000000       0x22 MCAL/dio/dio_program.o
 .text          0x00000000        0x0 MCAL/interupt/interrupt_program.o
 .data          0x00000000        0x0 MCAL/interupt/interrupt_program.o
 .bss           0x00000000        0x0 MCAL/interupt/interrupt_program.o
 .text.INT1_enb
                0x00000000        0x8 MCAL/interupt/interrupt_program.o
 .text.INT2_enb
                0x00000000        0x8 MCAL/interupt/interrupt_program.o
 .text          0x00000000        0x0 MCAL/timer/timer_program.o
 .data          0x00000000        0x0 MCAL/timer/timer_program.o
 .bss           0x00000000        0x0 MCAL/timer/timer_program.o
 .bss.int_flag  0x00000000        0x1 MCAL/timer/timer_program.o
 .text          0x00000000        0x0 g:/atmel/studio/7.0/toolchain/avr8/avr8-gnu-toolchain/bin/../lib/gcc/avr/5.4.0/avr5\libgcc.a(_exit.o)
 .data          0x00000000        0x0 g:/atmel/studio/7.0/toolchain/avr8/avr8-gnu-toolchain/bin/../lib/gcc/avr/5.4.0/avr5\libgcc.a(_exit.o)
 .bss           0x00000000        0x0 g:/atmel/studio/7.0/toolchain/avr8/avr8-gnu-toolchain/bin/../lib/gcc/avr/5.4.0/avr5\libgcc.a(_exit.o)
 .text.libgcc.mul
                0x00000000        0x0 g:/atmel/studio/7.0/toolchain/avr8/avr8-gnu-toolchain/bin/../lib/gcc/avr/5.4.0/avr5\libgcc.a(_exit.o)
 .text.libgcc.div
                0x00000000        0x0 g:/atmel/studio/7.0/toolchain/avr8/avr8-gnu-toolchain/bin/../lib/gcc/avr/5.4.0/avr5\libgcc.a(_exit.o)
 .text.libgcc   0x00000000        0x0 g:/atmel/studio/7.0/toolchain/avr8/avr8-gnu-toolchain/bin/../lib/gcc/avr/5.4.0/avr5\libgcc.a(_exit.o)
 .text.libgcc.prologue
                0x00000000        0x0 g:/atmel/studio/7.0/toolchain/avr8/avr8-gnu-toolchain/bin/../lib/gcc/avr/5.4.0/avr5\libgcc.a(_exit.o)
 .text.libgcc.builtins
                0x00000000        0x0 g:/atmel/studio/7.0/toolchain/avr8/avr8-gnu-toolchain/bin/../lib/gcc/avr/5.4.0/avr5\libgcc.a(_exit.o)
 .text.libgcc.fmul
                0x00000000        0x0 g:/atmel/studio/7.0/toolchain/avr8/avr8-gnu-toolchain/bin/../lib/gcc/avr/5.4.0/avr5\libgcc.a(_exit.o)
 .text.libgcc.fixed
                0x00000000        0x0 g:/atmel/studio/7.0/toolchain/avr8/avr8-gnu-toolchain/bin/../lib/gcc/avr/5.4.0/avr5\libgcc.a(_exit.o)
 .text          0x00000000        0x0 g:/atmel/studio/7.0/toolchain/avr8/avr8-gnu-toolchain/bin/../lib/gcc/avr/5.4.0/avr5\libgcc.a(_clear_bss.o)
 .data          0x00000000        0x0 g:/atmel/studio/7.0/toolchain/avr8/avr8-gnu-toolchain/bin/../lib/gcc/avr/5.4.0/avr5\libgcc.a(_clear_bss.o)
 .bss           0x00000000        0x0 g:/atmel/studio/7.0/toolchain/avr8/avr8-gnu-toolchain/bin/../lib/gcc/avr/5.4.0/avr5\libgcc.a(_clear_bss.o)
 .text.libgcc.mul
                0x00000000        0x0 g:/atmel/studio/7.0/toolchain/avr8/avr8-gnu-toolchain/bin/../lib/gcc/avr/5.4.0/avr5\libgcc.a(_clear_bss.o)
 .text.libgcc.div
                0x00000000        0x0 g:/atmel/studio/7.0/toolchain/avr8/avr8-gnu-toolchain/bin/../lib/gcc/avr/5.4.0/avr5\libgcc.a(_clear_bss.o)
 .text.libgcc   0x00000000        0x0 g:/atmel/studio/7.0/toolchain/avr8/avr8-gnu-toolchain/bin/../lib/gcc/avr/5.4.0/avr5\libgcc.a(_clear_bss.o)
 .text.libgcc.prologue
                0x00000000        0x0 g:/atmel/studio/7.0/toolchain/avr8/avr8-gnu-toolchain/bin/../lib/gcc/avr/5.4.0/avr5\libgcc.a(_clear_bss.o)
 .text.libgcc.builtins
                0x00000000        0x0 g:/atmel/studio/7.0/toolchain/avr8/avr8-gnu-toolchain/bin/../lib/gcc/avr/5.4.0/avr5\libgcc.a(_clear_bss.o)
 .text.libgcc.fmul
                0x00000000        0x0 g:/atmel/studio/7.0/toolchain/avr8/avr8-gnu-toolchain/bin/../lib/gcc/avr/5.4.0/avr5\libgcc.a(_clear_bss.o)
 .text.libgcc.fixed
                0x00000000        0x0 g:/atmel/studio/7.0/toolchain/avr8/avr8-gnu-toolchain/bin/../lib/gcc/avr/5.4.0/avr5\libgcc.a(_clear_bss.o)

Memory Configuration

Name             Origin             Length             Attributes
text             0x00000000         0x00008000         xr
data             0x00800060         0x00000800         rw !x
eeprom           0x00810000         0x00000400         rw !x
fuse             0x00820000         0x00000002         rw !x
lock             0x00830000         0x00000400         rw !x
signature        0x00840000         0x00000400         rw !x
user_signatures  0x00850000         0x00000400         rw !x
*default*        0x00000000         0xffffffff

Linker script and memory map

LOAD G:/Atmel/Studio/7.0/Packs/atmel/ATmega_DFP/1.7.374/gcc/dev/atmega32a/avr5/crtatmega32a.o
LOAD Application/APP.o
LOAD HAL/Button/button.o
LOAD HAL/LED/LED.o
LOAD main.o
LOAD MCAL/dio/dio_program.o
LOAD MCAL/interupt/interrupt_program.o
LOAD MCAL/timer/timer_program.o
START GROUP
LOAD g:/atmel/studio/7.0/toolchain/avr8/avr8-gnu-toolchain/bin/../lib/gcc/avr/5.4.0/../../../../avr/lib/avr5\libm.a
END GROUP
START GROUP
LOAD g:/atmel/studio/7.0/toolchain/avr8/avr8-gnu-toolchain/bin/../lib/gcc/avr/5.4.0/avr5\libgcc.a
LOAD g:/atmel/studio/7.0/toolchain/avr8/avr8-gnu-toolchain/bin/../lib/gcc/avr/5.4.0/../../../../avr/lib/avr5\libm.a
LOAD g:/atmel/studio/7.0/toolchain/avr8/avr8-gnu-toolchain/bin/../lib/gcc/avr/5.4.0/../../../../avr/lib/avr5\libc.a
LOAD G:/Atmel/Studio/7.0/Packs/atmel/ATmega_DFP/1.7.374/gcc/dev/atmega32a/avr5\libatmega32a.a
END GROUP
                [0x00000000]                __TEXT_REGION_ORIGIN__ = DEFINED (__TEXT_REGION_ORIGIN__)?__TEXT_REGION_ORIGIN__:0x0
                [0x00800060]                __DATA_REGION_ORIGIN__ = DEFINED (__DATA_REGION_ORIGIN__)?__DATA_REGION_ORIGIN__:0x800060
                [0x00008000]                __TEXT_REGION_LENGTH__ = DEFINED (__TEXT_REGION_LENGTH__)?__TEXT_REGION_LENGTH__:0x20000
                [0x00000800]                __DATA_REGION_LENGTH__ = DEFINED (__DATA_REGION_LENGTH__)?__DATA_REGION_LENGTH__:0xffa0
                [0x00000400]                __EEPROM_REGION_LENGTH__ = DEFINED (__EEPROM_REGION_LENGTH__)?__EEPROM_REGION_LENGTH__:0x10000
                [0x00000002]                __FUSE_REGION_LENGTH__ = DEFINED (__FUSE_REGION_LENGTH__)?__FUSE_REGION_LENGTH__:0x400
                0x00000400                __LOCK_REGION_LENGTH__ = DEFINED (__LOCK_REGION_LENGTH__)?__LOCK_REGION_LENGTH__:0x400
                0x00000400                __SIGNATURE_REGION_LENGTH__ = DEFINED (__SIGNATURE_REGION_LENGTH__)?__SIGNATURE_REGION_LENGTH__:0x400
                0x00000400                __USER_SIGNATURE_REGION_LENGTH__ = DEFINED (__USER_SIGNATURE_REGION_LENGTH__)?__USER_SIGNATURE_REGION_LENGTH__:0x400

.hash
 *(.hash)

.dynsym
 *(.dynsym)

.dynstr
 *(.dynstr)

.gnu.version
 *(.gnu.version)

.gnu.version_d
 *(.gnu.version_d)

.gnu.version_r
 *(.gnu.version_r)

.rel.init
 *(.rel.init)

.rela.init
 *(.rela.init)

.rel.text
 *(.rel.text)
 *(.rel.text.*)
 *(.rel.gnu.linkonce.t*)

.rela.text
 *(.rela.text)
 *(.rela.text.*)
 *(.rela.gnu.linkonce.t*)

.rel.fini
 *(.rel.fini)

.rela.fini
 *(.rela.fini)

.rel.rodata
 *(.rel.rodata)
 *(.rel.rodata.*)
 *(.rel.gnu.linkonce.r*)

.rela.rodata
 *(.rela.rodata)
 *(.rela.rodata.*)
 *(.rela.gnu.linkonce.r*)

.rel.data
 *(.rel.data)
 *(.rel.data.*)
 *(.rel.gnu.linkonce.d*)

.rela.data
 *(.rela.data)
 *(.rela.data.*)
 *(.rela.gnu.linkonce.d*)

.rel.ctors
 *(.rel.ctors)

.rela.ctors
 *(.rela.ctors)

.rel.dtors
 *(.rel.dtors)

.rela.dtors
 *(.rela.dtors)

.rel.got
 *(.rel.got)

.rela.got
 *(.rela.got)

.rel.bss
 *(.rel.bss)

.rela.bss
 *(.rela.bss)

.rel.plt
 *(.rel.plt)

.rela.plt
 *(.rela.plt)

.text           0x00000000      0x460
 *(.vectors)
 .vectors       0x00000000       0x54 G:/Atmel/Studio/7.0/Packs/atmel/ATmega_DFP/1.7.374/gcc/dev/atmega32a/avr5/crtatmega32a.o
                0x00000000                __vector_default
                0x00000000                __vectors
 *(.vectors)
 *(.progmem.gcc*)
                0x00000054                . = ALIGN (0x2)
                0x00000054                __trampolines_start = .
 *(.trampolines)
 .trampolines   0x00000054        0x0 linker stubs
 *(.trampolines*)
                0x00000054                __trampolines_end = .
 *libprintf_flt.a:*(.progmem.data)
 *libc.a:*(.progmem.data)
 *(.progmem*)
                0x00000054                . = ALIGN (0x2)
 *(.jumptables)
 *(.jumptables*)
 *(.lowtext)
 *(.lowtext*)
                0x00000054                __ctors_start = .
 *(.ctors)
                0x00000054                __ctors_end = .
                0x00000054                __dtors_start = .
 *(.dtors)
                0x00000054                __dtors_end = .
 SORT(*)(.ctors)
 SORT(*)(.dtors)
 *(.init0)
 .init0         0x00000054        0x0 G:/Atmel/Studio/7.0/Packs/atmel/ATmega_DFP/1.7.374/gcc/dev/atmega32a/avr5/crtatmega32a.o
                0x00000054                __init
 *(.init0)
 *(.init1)
 *(.init1)
 *(.init2)
 .init2         0x00000054        0xc G:/Atmel/Studio/7.0/Packs/atmel/ATmega_DFP/1.7.374/gcc/dev/atmega32a/avr5/crtatmega32a.o
 *(.init2)
 *(.init3)
 *(.init3)
 *(.init4)
 .init4         0x00000060       0x10 g:/atmel/studio/7.0/toolchain/avr8/avr8-gnu-toolchain/bin/../lib/gcc/avr/5.4.0/avr5\libgcc.a(_clear_bss.o)
                0x00000060                __do_clear_bss
 *(.init4)
 *(.init5)
 *(.init5)
 *(.init6)
 *(.init6)
 *(.init7)
 *(.init7)
 *(.init8)
 *(.init8)
 *(.init9)
 .init9         0x00000070        0x8 G:/Atmel/Studio/7.0/Packs/atmel/ATmega_DFP/1.7.374/gcc/dev/atmega32a/avr5/crtatmega32a.o
 *(.init9)
 *(.text)
 .text          0x00000078        0x4 G:/Atmel/Studio/7.0/Packs/atmel/ATmega_DFP/1.7.374/gcc/dev/atmega32a/avr5/crtatmega32a.o
                0x00000078                __vector_12
                0x00000078                __bad_interrupt
                0x00000078                __vector_6
                0x00000078                __vector_3
                0x00000078                __vector_11
                0x00000078                __vector_13
                0x00000078                __vector_17
                0x00000078                __vector_19
                0x00000078                __vector_7
                0x00000078                __vector_5
                0x00000078                __vector_4
                0x00000078                __vector_9
                0x00000078                __vector_2
                0x00000078                __vector_15
                0x00000078                __vector_8
                0x00000078                __vector_14
                0x00000078                __vector_10
                0x00000078                __vector_16
                0x00000078                __vector_18
                0x00000078                __vector_20
                0x0000007c                . = ALIGN (0x2)
 *(.text.*)
 .text.app_start
                0x0000007c      0x1c4 Application/APP.o
                0x0000007c                app_start
 .text.__vector_1
                0x00000240       0x9a Application/APP.o
                0x00000240                __vector_1
 .text.button_init
                0x000002da        0x8 HAL/Button/button.o
                0x000002da                button_init
 .text.LED_init
                0x000002e2        0x8 HAL/LED/LED.o
                0x000002e2                LED_init
 .text.LED_on   0x000002ea        0x8 HAL/LED/LED.o
                0x000002ea                LED_on
 .text.LED_off  0x000002f2        0x8 HAL/LED/LED.o
                0x000002f2                LED_off
 .text.main     0x000002fa        0xa main.o
                0x000002fa                main
 .text.DIO_ptr_regs
                0x00000304       0x30 MCAL/dio/dio_program.o
 .text.DIO_init
                0x00000334       0x4a MCAL/dio/dio_program.o
                0x00000334                DIO_init
 .text.DIO_write
                0x0000037e       0x4a MCAL/dio/dio_program.o
                0x0000037e                DIO_write
 .text.DIO_read
                0x000003c8       0x40 MCAL/dio/dio_program.o
                0x000003c8                DIO_read
 .text.INT0_enb
                0x00000408        0x8 MCAL/interupt/interrupt_program.o
                0x00000408                INT0_enb
 .text.rising_edg
                0x00000410        0x8 MCAL/interupt/interrupt_program.o
                0x00000410                rising_edg
 .text.timer_init
                0x00000418        0x6 MCAL/timer/timer_program.o
                0x00000418                timer_init
 .text.timer_start
                0x0000041e        0x8 MCAL/timer/timer_program.o
                0x0000041e                timer_start
 .text.timer_stop
                0x00000426        0x4 MCAL/timer/timer_program.o
                0x00000426                timer_stop
 .text.delay    0x0000042a       0x32 MCAL/timer/timer_program.o
                0x0000042a                delay
                0x0000045c                . = ALIGN (0x2)
 *(.fini9)
 .fini9         0x0000045c        0x0 g:/atmel/studio/7.0/toolchain/avr8/avr8-gnu-toolchain/bin/../lib/gcc/avr/5.4.0/avr5\libgcc.a(_exit.o)
                0x0000045c                _exit
                0x0000045c                exit
 *(.fini9)
 *(.fini8)
 *(.fini8)
 *(.fini7)
 *(.fini7)
 *(.fini6)
 *(.fini6)
 *(.fini5)
 *(.fini5)
 *(.fini4)
 *(.fini4)
 *(.fini3)
 *(.fini3)
 *(.fini2)
 *(.fini2)
 *(.fini1)
 *(.fini1)
 *(.fini0)
 .fini0         0x0000045c        0x4 g:/atmel/studio/7.0/toolchain/avr8/avr8-gnu-toolchain/bin/../lib/gcc/avr/5.4.0/avr5\libgcc.a(_exit.o)
 *(.fini0)
                0x00000460                _etext = .

.data           0x00800060        0x0 load address 0x00000460
                [!provide]                PROVIDE (__data_start, .)
 *(.data)
 *(.data*)
 *(.gnu.linkonce.d*)
 *(.rodata)
 *(.rodata*)
 *(.gnu.linkonce.r*)
                0x00800060                . = ALIGN (0x2)
                0x00800060                _edata = .
                [!provide]                PROVIDE (__data_end, .)

.bss            0x00800060        0x7
                0x00800060                PROVIDE (__bss_start, .)
 *(.bss)
 *(.bss*)
 .bss.green     0x00800060        0x1 Application/APP.o
                0x00800060                green
 .bss.street_state
                0x00800061        0x2 Application/APP.o
                0x00800061                street_state
 .bss.overflow_counter
                0x00800063        0x2 MCAL/timer/timer_program.o
                0x00800063                overflow_counter
 *(COMMON)
 COMMON         0x00800065        0x2 Application/APP.o
                0x00800065                yellow
                0x00800066                red
                0x00800067                PROVIDE (__bss_end, .)
                0x00000460                __data_load_start = LOADADDR (.data)
                0x00000460                __data_load_end = (__data_load_start + SIZEOF (.data))

.noinit         0x00800067        0x0
                [!provide]                PROVIDE (__noinit_start, .)
 *(.noinit*)
                [!provide]                PROVIDE (__noinit_end, .)
                0x00800067                _end = .
                [!provide]                PROVIDE (__heap_start, .)

.eeprom         0x00810000        0x0
 *(.eeprom*)
                0x00810000                __eeprom_end = .

.fuse
 *(.fuse)
 *(.lfuse)
 *(.hfuse)
 *(.efuse)

.lock
 *(.lock*)

.signature
 *(.signature*)

.user_signatures
 *(.user_signatures*)

.stab
 *(.stab)

.stabstr
 *(.stabstr)

.stab.excl
 *(.stab.excl)

.stab.exclstr
 *(.stab.exclstr)

.stab.index
 *(.stab.index)

.stab.indexstr
 *(.stab.indexstr)

.comment        0x00000000       0x30
 *(.comment)
 .comment       0x00000000       0x30 Application/APP.o
                                 0x31 (size before relaxing)
 .comment       0x00000030       0x31 HAL/Button/button.o
 .comment       0x00000030       0x31 HAL/LED/LED.o
 .comment       0x00000030       0x31 main.o
 .comment       0x00000030       0x31 MCAL/dio/dio_program.o
 .comment       0x00000030       0x31 MCAL/interupt/interrupt_program.o
 .comment       0x00000030       0x31 MCAL/timer/timer_program.o

.note.gnu.avr.deviceinfo
                0x00000000       0x3c
 .note.gnu.avr.deviceinfo
                0x00000000       0x3c G:/Atmel/Studio/7.0/Packs/atmel/ATmega_DFP/1.7.374/gcc/dev/atmega32a/avr5/crtatmega32a.o

.note.gnu.build-id
 *(.note.gnu.build-id)

.debug
 *(.debug)

.line
 *(.line)

.debug_srcinfo
 *(.debug_srcinfo)

.debug_sfnames
 *(.debug_sfnames)

.debug_aranges  0x00000000      0x158
 *(.debug_aranges)
 .debug_aranges
                0x00000000       0x28 Application/APP.o
 .debug_aranges
                0x00000028       0x28 HAL/Button/button.o
 .debug_aranges
                0x00000050       0x38 HAL/LED/LED.o
 .debug_aranges
                0x00000088       0x20 main.o
 .debug_aranges
                0x000000a8       0x40 MCAL/dio/dio_program.o
 .debug_aranges
                0x000000e8       0x38 MCAL/interupt/interrupt_program.o
 .debug_aranges
                0x00000120       0x38 MCAL/timer/timer_program.o

.debug_pubnames
 *(.debug_pubnames)

.debug_info     0x00000000     0x12f4
 *(.debug_info .gnu.linkonce.wi.*)
 .debug_info    0x00000000      0x4e6 G:/Atmel/Studio/7.0/Packs/atmel/ATmega_DFP/1.7.374/gcc/dev/atmega32a/avr5/crtatmega32a.o
 .debug_info    0x000004e6      0x6a8 Application/APP.o
 .debug_info    0x00000b8e      0x136 HAL/Button/button.o
 .debug_info    0x00000cc4      0x1e7 HAL/LED/LED.o
 .debug_info    0x00000eab       0x6d main.o
 .debug_info    0x00000f18      0x27a MCAL/dio/dio_program.o
 .debug_info    0x00001192       0x90 MCAL/interupt/interrupt_program.o
 .debug_info    0x00001222       0xd2 MCAL/timer/timer_program.o

.debug_abbrev   0x00000000      0x90f
 *(.debug_abbrev)
 .debug_abbrev  0x00000000      0x4a3 G:/Atmel/Studio/7.0/Packs/atmel/ATmega_DFP/1.7.374/gcc/dev/atmega32a/avr5/crtatmega32a.o
 .debug_abbrev  0x000004a3       0xf8 Application/APP.o
 .debug_abbrev  0x0000059b       0xb0 HAL/Button/button.o
 .debug_abbrev  0x0000064b       0xa1 HAL/LED/LED.o
 .debug_abbrev  0x000006ec       0x65 main.o
 .debug_abbrev  0x00000751      0x102 MCAL/dio/dio_program.o
 .debug_abbrev  0x00000853       0x44 MCAL/interupt/interrupt_program.o
 .debug_abbrev  0x00000897       0x78 MCAL/timer/timer_program.o

.debug_line     0x00000000      0x92e
 *(.debug_line .debug_line.* .debug_line_end)
 .debug_line    0x00000000      0x116 G:/Atmel/Studio/7.0/Packs/atmel/ATmega_DFP/1.7.374/gcc/dev/atmega32a/avr5/crtatmega32a.o
 .debug_line    0x00000116      0x32f Application/APP.o
 .debug_line    0x00000445       0xb3 HAL/Button/button.o
 .debug_line    0x000004f8       0xd3 HAL/LED/LED.o
 .debug_line    0x000005cb       0x5d main.o
 .debug_line    0x00000628      0x162 MCAL/dio/dio_program.o
 .debug_line    0x0000078a       0xc0 MCAL/interupt/interrupt_program.o
 .debug_line    0x0000084a       0xe4 MCAL/timer/timer_program.o

.debug_frame    0x00000000      0x264
 *(.debug_frame)
 .debug_frame   0x00000000       0x7c Application/APP.o
 .debug_frame   0x0000007c       0x34 HAL/Button/button.o
 .debug_frame   0x000000b0       0x54 HAL/LED/LED.o
 .debug_frame   0x00000104       0x24 main.o
 .debug_frame   0x00000128       0x94 MCAL/dio/dio_program.o
 .debug_frame   0x000001bc       0x54 MCAL/interupt/interrupt_program.o
 .debug_frame   0x00000210       0x54 MCAL/timer/timer_program.o

.debug_str      0x00000000      0x4ef
 *(.debug_str)
 .debug_str     0x00000000      0x196 G:/Atmel/Studio/7.0/Packs/atmel/ATmega_DFP/1.7.374/gcc/dev/atmega32a/avr5/crtatmega32a.o
 .debug_str     0x00000196      0x1ef Application/APP.o
 .debug_str     0x00000385       0x46 HAL/Button/button.o
                                0x14e (size before relaxing)
 .debug_str     0x000003cb       0x45 HAL/LED/LED.o
                                0x159 (size before relaxing)
 .debug_str     0x00000410       0x11 main.o
                                0x106 (size before relaxing)
 .debug_str     0x00000421       0x48 MCAL/dio/dio_program.o
                                0x167 (size before relaxing)
 .debug_str     0x00000469       0x37 MCAL/interupt/interrupt_program.o
                                0x13e (size before relaxing)
 .debug_str     0x000004a0       0x4f MCAL/timer/timer_program.o
                                0x160 (size before relaxing)

.debug_loc      0x00000000      0x646
 *(.debug_loc)
 .debug_loc     0x00000000       0xf1 Application/APP.o
 .debug_loc     0x000000f1       0xaa HAL/Button/button.o
 .debug_loc     0x0000019b      0x108 HAL/LED/LED.o
 .debug_loc     0x000002a3      0x3a3 MCAL/dio/dio_program.o

.debug_macinfo
 *(.debug_macinfo)

.debug_weaknames
 *(.debug_weaknames)

.debug_funcnames
 *(.debug_funcnames)

.debug_typenames
 *(.debug_typenames)

.debug_varnames
 *(.debug_varnames)

.debug_pubtypes
 *(.debug_pubtypes)

.debug_ranges   0x00000000       0xe8
 *(.debug_ranges)
 .debug_ranges  0x00000000       0x18 Application/APP.o
 .debug_ranges  0x00000018       0x18 HAL/Button/button.o
 .debug_ranges  0x00000030       0x28 HAL/LED/LED.o
 .debug_ranges  0x00000058       0x10 main.o
 .debug_ranges  0x00000068       0x30 MCAL/dio/dio_program.o
 .debug_ranges  0x00000098       0x28 MCAL/interupt/interrupt_program.o
 .debug_ranges  0x000000c0       0x28 MCAL/timer/timer_program.o

.debug_macro
 *(.debug_macro)
OUTPUT(trafficlight.elf elf32-avr)
LOAD linker stubs
